// Jest Snapshot v1, https://goo.gl/fbAQLP

exports[`NoteListMain component renders a .NoteListMain by default 1`] = `
<Fragment>
  <section
    className="NoteListMain"
  >
    <ul />
    <div
      className="NoteListMain__button-container"
    >
      <NavCircleButton
        aria-label="add note button"
        className="NoteListMain__add-note-button"
        tag={
          Object {
            "$$typeof": Symbol(react.forward_ref),
            "displayName": "Link",
            "propTypes": Object {
              "innerRef": [Function],
              "onClick": [Function],
              "replace": [Function],
              "target": [Function],
              "to": [Function],
            },
            "render": [Function],
          }
        }
        to="/add-note"
        type="button"
      >
        <FontAwesomeIcon
          border={false}
          className=""
          fixedWidth={false}
          flip={null}
          icon="plus"
          inverse={false}
          listItem={false}
          mask={null}
          pull={null}
          pulse={false}
          rotation={null}
          size={null}
          spin={false}
          swapOpacity={false}
          symbol={false}
          title=""
          transform={null}
        />
        <br />
        Note
      </NavCircleButton>
    </div>
  </section>
</Fragment>
`;

exports[`NoteListMain component renders a Note in ul for each notes in array 1`] = `<ul />`;
